example3.dl
0 | .decl directed_edge(
1 |     u: number,
2 |     v: number
3 | )
4 |
5 | .decl path(
6 |     u: number,
7 |     v: number
8 | )

=====

-- Cursor range --
example3.dl
0 | .decl directed_edge(
  | ~~~~~~~~~~~~~~~~~~~~
1 |     u: number,
  | ~~~~~~~~~~~~~~
2 |     v: number
  | ~~~~~~~~~~~~~
3 | )
  | ~
-- Insertion point --
example3.dl
0 | .decl directed_edge(
  | ^
--  Text  --
///
/// @attribute u
/// @attribute v
_____

-- Cursor range --
example3.dl
5 | .decl path(
  | ~~~~~~~~~~~
6 |     u: number,
  | ~~~~~~~~~~~~~~
7 |     v: number
  | ~~~~~~~~~~~~~
8 | )
  | ~
-- Insertion point --
example3.dl
5 | .decl path(
  | ^
--  Text  --
///
/// @attribute u
/// @attribute v
_____
