Document(
  range_=0:0-1:0
  PreprocInclude(
    range_=0:0-0:17
    ResultNode(
      range_=0:0-0:17
      StringConstant(location='include_preproc_directive.dl#0:9-0:17', ty=UnresolvedType(), val='"lib.dl"')
    )
  )
)
